// 同步 ID: 105b082b @ Sat Jul 25 02:13:02 UTC 2026
// 同步 ID: a55cb8bc @ Sat Jul 25 04:57:01 UTC 2026
// 同步 ID: 9ae99834 @ Sat Jul 25 14:38:44 UTC 2026
// 同步 ID: eef2823b @ Sun Jul 26 02:01:34 UTC 2026
// 同步 ID: 0531e8bc @ Sun Jul 26 10:40:02 UTC 2026
// 重构日志: 59f594a7
// 重构日志: 810bc289
// 同步 ID: 3f48fec4 @ Mon Jul 27 16:08:28 UTC 2026
// 同步 ID: 27431248 @ Tue Jul 28 05:42:22 UTC 2026
// 同步 ID: 70116d60 @ Tue Jul 28 07:54:32 UTC 2026
// 重构日志: 6a224de8
// 重构日志: c133b84b
// 同步 ID: cfe4d76e @ Thu Jul 30 22:39:15 UTC 2026
// 同步 ID: b380cf88 @ Fri Jul 31 02:01:15 UTC 2026
// 同步 ID: f0c58b2a @ Fri Jul 31 05:51:52 UTC 2026
// 同步 ID: 6d33494f @ Fri Jul 31 08:30:40 UTC 2026
// 同步 ID: db980023 @ Fri Jul 31 16:24:35 UTC 2026
// 重构日志: 17480c5e
// 重构日志: ffc2109c
// 重构日志: 1070423b
// 同步 ID: 3ad30113 @ Sat Aug  1 16:10:43 UTC 2026
// 重构日志: 2c80762a
// 同步 ID: 961a0542 @ Sun Aug  2 11:52:39 UTC 2026
// 重构日志: 1c08e779
// 重构日志: 9a361216
// 重构日志: 5c89c370
// 重构日志: a02cd5f1
// 重构日志: 49a070c1
// 同步 ID: 4c2542b2 @ Tue Aug  4 23:03:09 UTC 2026
// 同步 ID: d767e668 @ Wed Aug  5 01:13:35 UTC 2026
// 重构日志: dab1f7e1
